n/n120.jpg
n/n119.jpg
n/n118.jpg
n/n117.jpg
n/n116.jpg
n/n115.jpg
n/n114.jpg
n/n113.jpg
n/n112.jpg
n/n111.jpg
n/n110.jpg
n/n109.jpg
n/n108.jpg
n/n107.jpg
n/n106.jpg
n/n105.jpg
n/n104.jpg
n/n103.jpg
n/n102.jpg
n/n101.jpg
n/n100.jpg
n/n99.jpg
n/n98.jpg
n/n97.jpg
n/n96.jpg
n/n95.jpg
n/n94.jpg
n/n93.jpg
n/n92.jpg
n/n91.jpg
n/n90.jpg
n/n89.jpg
n/n88.jpg
n/n87.jpg
n/n86.jpg
n/n85.jpg
n/n84.jpg
n/n83.jpg
n/n82.jpg
n/n81.jpg
n/n80.jpg
n/n79.jpg
n/n78.jpg
n/n77.jpg
n/n76.jpg
n/n75.jpg
n/n74.jpg
n/n73.jpg
n/n72.jpg
n/n71.jpg
n/n70.jpg
n/n69.jpg
n/n68.jpg
n/n67.jpg
n/n66.jpg
n/n65.jpg
n/n64.jpg
n/n63.jpg
n/n62.jpg
n/n61.jpg
n/n60.jpg
n/n59.jpg
n/n58.jpg
n/n57.jpg
n/n56.jpg
n/n55.jpg
n/n54.jpg
n/n53.jpg
n/n52.jpg
n/n51.jpg
n/n50.jpg
n/n49.jpg
n/n48.jpg
n/n47.jpg
n/n46.jpg
n/n45.jpg
n/n44.jpg
n/n43.jpg
n/n42.jpg
n/n41.jpg
n/n40.jpg
n/n39.jpg
n/n38.jpg
n/n37.jpg
n/n36.jpg
n/n35.jpg
n/n34.jpg
n/n33.jpg
n/n32.jpg
n/n31.jpg
n/n30.jpg
n/n29.jpg
n/n28.jpg
n/n27.jpg
n/n26.jpg
n/n25.jpg
n/n24.jpg
n/n23.jpg
n/n22.jpg
n/n21.jpg
n/n20.jpg
n/n19.jpg
n/n18.jpg
n/n17.jpg
n/n16.jpg
n/n15.jpg
n/n14.jpg
n/n13.jpg
n/n12.jpg
n/n11.jpg
n/n10.jpg
n/n9.jpg
n/n8.jpg
n/n7.jpg
n/n6.jpg
n/n5.jpg
n/n4.jpg
n/n3.jpg
n/n2.jpg
n/n1.jpg